CCS PCM C Compiler, Version 5.115d, 1               29-ago.-23 16:50
Compiler operating in Evaluation Mode
To obtain a fully enabled compiler visit www.ccsinfo.com/products

               Filename:   C:\Users\victo\OneDrive\Documentos\X-TRAINER-hands-on\CCS\PIC16F\8-LED-RGB-CCS-PIC16F887-877A\Proyecto\PIC16F887\LED RGB.lst

               ROM used:   182 words (2%)
                           Largest free fragment is 2048
               RAM used:   8 (2%) at main() level
                           9 (2%) worst case
               Stack used: 0 locations
               Stack size: 8

*
0000:  MOVLW  00
0001:  MOVWF  0A
0002:  GOTO   060
0003:  NOP
.................... /************************************************************************************************
.................... Company:
.................... Microside Technology Inc.
.................... File Name:
.................... LED RGB.c
.................... Product Revision  :  1
.................... Device            :  X-TRAINER
.................... Driver Version    :  1.0
.................... ************************************************************************************************/
.................... 
.................... /*
.................... ---------------------------------------------------------------------------
.................... Esta práctica consiste en realizar un control PWM
.................... para el control de un LED RGB
.................... ---------------------------------------------------------------------------
.................... */
.................... 
.................... #include <16F887.h>                        //Incluye el microcontrolador con el que se va a trabajar 
.................... //////////// Standard Header file for the PIC16F887 device ////////////////
.................... ///////////////////////////////////////////////////////////////////////////
.................... ////        (C) Copyright 1996, 2020 Custom Computer Services          ////
.................... //// This source code may only be used by licensed users of the CCS C  ////
.................... //// compiler.  This source code may only be distributed to other      ////
.................... //// licensed users of the CCS C compiler.  No other use, reproduction ////
.................... //// or distribution is permitted without written permission.          ////
.................... //// Derivative programs created using this software in object code    ////
.................... //// form are not restricted in any way.                               ////
.................... ///////////////////////////////////////////////////////////////////////////
.................... #device PIC16F887
.................... 
.................... #list
.................... 
.................... #use delay ( clock=20Mhz, crystal )        //Tipo de oscilador y frecuencia dependiendo del microcontrolador 
0004:  MOVLW  23
0005:  MOVWF  04
0006:  BCF    03.7
0007:  MOVF   00,W
0008:  BTFSC  03.2
0009:  GOTO   017
000A:  MOVLW  06
000B:  MOVWF  78
000C:  CLRF   77
000D:  DECFSZ 77,F
000E:  GOTO   00D
000F:  DECFSZ 78,F
0010:  GOTO   00C
0011:  MOVLW  7B
0012:  MOVWF  77
0013:  DECFSZ 77,F
0014:  GOTO   013
0015:  DECFSZ 00,F
0016:  GOTO   00A
0017:  RETURN
.................... 
.................... #define LEDR PIN_B0                        //Pin donde está conectado el LED rojo
.................... #define LEDV PIN_B1                        //Pin donde está conectado el LED verde
.................... #define LEDA PIN_B2                        //Pin donde está conectado el LED azul
.................... 
.................... unsigned int16 Duty=0;                     //Variable para guardar el valor para PWM
.................... 
.................... void Set_PWM ( void ) {
....................    for ( Duty = 255; Duty > 0; Duty-- ) {  // Ciclo para disminuir el valor de la variable
0018:  CLRF   21
0019:  MOVLW  FF
001A:  MOVWF  20
001B:  MOVF   20,F
001C:  BTFSS  03.2
001D:  GOTO   021
001E:  MOVF   21,F
001F:  BTFSC  03.2
0020:  GOTO   03C
....................       set_pwm1_duty ( Duty );              // Guarda la salida PWM en la variable
0021:  MOVF   21,W
0022:  MOVWF  79
0023:  MOVF   20,W
0024:  MOVWF  78
0025:  RRF    79,F
0026:  RRF    78,F
0027:  RRF    79,F
0028:  RRF    78,F
0029:  RRF    79,F
002A:  MOVF   78,W
002B:  MOVWF  15
002C:  RRF    79,F
002D:  RRF    79,W
002E:  ANDLW  30
002F:  MOVWF  77
0030:  MOVF   17,W
0031:  ANDLW  CF
0032:  IORWF  77,W
0033:  MOVWF  17
....................       delay_ms ( 5 );                      // Retardo
0034:  MOVLW  05
0035:  MOVWF  23
0036:  CALL   004
0037:  MOVF   20,W
0038:  BTFSC  03.2
0039:  DECF   21,F
003A:  DECF   20,F
003B:  GOTO   01B
....................    }
.................... 
....................    for ( Duty = 0; Duty < 255; Duty++ ) {  // Ciclo para aumentar el valor de la variable
003C:  CLRF   21
003D:  CLRF   20
003E:  MOVF   21,F
003F:  BTFSS  03.2
0040:  GOTO   05F
0041:  MOVF   20,W
0042:  SUBLW  FE
0043:  BTFSS  03.0
0044:  GOTO   05F
....................       set_pwm1_duty ( Duty );              // Guarda la salida PWM en la variable
0045:  MOVF   21,W
0046:  MOVWF  79
0047:  MOVF   20,W
0048:  MOVWF  78
0049:  RRF    79,F
004A:  RRF    78,F
004B:  RRF    79,F
004C:  RRF    78,F
004D:  RRF    79,F
004E:  MOVF   78,W
004F:  MOVWF  15
0050:  RRF    79,F
0051:  RRF    79,W
0052:  ANDLW  30
0053:  MOVWF  77
0054:  MOVF   17,W
0055:  ANDLW  CF
0056:  IORWF  77,W
0057:  MOVWF  17
....................       delay_ms ( 5 );                      // Retardo
0058:  MOVLW  05
0059:  MOVWF  23
005A:  CALL   004
005B:  INCF   20,F
005C:  BTFSC  03.2
005D:  INCF   21,F
005E:  GOTO   03E
....................    }
005F:  RETURN
.................... }
.................... 
.................... void main ( void ) {
0060:  MOVF   03,W
0061:  ANDLW  1F
0062:  MOVWF  03
0063:  CLRF   21
0064:  CLRF   20
0065:  MOVLW  FF
0066:  MOVWF  22
0067:  BSF    03.5
0068:  BSF    03.6
0069:  MOVF   09,W
006A:  ANDLW  C0
006B:  MOVWF  09
006C:  BCF    03.6
006D:  BCF    1F.4
006E:  BCF    1F.5
006F:  MOVLW  00
0070:  BSF    03.6
0071:  MOVWF  08
0072:  BCF    03.5
0073:  CLRF   07
0074:  CLRF   08
0075:  CLRF   09
0076:  BCF    03.7
.................... 
....................    setup_timer_2 (T2_DIV_BY_16, 254, 1);                        //Configura Timer2, periodo ajustado a 342uS
0077:  MOVLW  00
0078:  MOVWF  78
0079:  IORLW  06
007A:  BCF    03.6
007B:  MOVWF  12
007C:  MOVLW  FE
007D:  BSF    03.5
007E:  MOVWF  12
....................    setup_ccp1 (CCP_PWM|CCP_SHUTDOWN_AC_L|CCP_SHUTDOWN_BD_L);    //Configura el módulo CCP para uso del PWM
007F:  BCF    03.5
0080:  BCF    22.2
0081:  MOVF   22,W
0082:  BSF    03.5
0083:  MOVWF  07
0084:  BCF    03.5
0085:  BCF    07.2
0086:  MOVLW  0C
0087:  MOVWF  17
0088:  BSF    03.5
0089:  CLRF   1B
008A:  CLRF   1C
008B:  MOVLW  01
008C:  MOVWF  1D
.................... 
....................     while ( 1 ) {                          // Ciclo infinito
....................        output_high ( LEDR );
008D:  BCF    06.0
008E:  BCF    03.5
008F:  BSF    06.0
....................        output_low ( LEDV );
0090:  BSF    03.5
0091:  BCF    06.1
0092:  BCF    03.5
0093:  BCF    06.1
....................        output_low ( LEDA );
0094:  BSF    03.5
0095:  BCF    06.2
0096:  BCF    03.5
0097:  BCF    06.2
.................... 
....................        Set_PWM ( );                        // Convocamos la función
0098:  CALL   018
.................... 
....................        output_low ( LEDR );
0099:  BSF    03.5
009A:  BCF    06.0
009B:  BCF    03.5
009C:  BCF    06.0
....................        output_high ( LEDV );
009D:  BSF    03.5
009E:  BCF    06.1
009F:  BCF    03.5
00A0:  BSF    06.1
....................        output_low ( LEDA );
00A1:  BSF    03.5
00A2:  BCF    06.2
00A3:  BCF    03.5
00A4:  BCF    06.2
.................... 
....................        Set_PWM ( );
00A5:  CALL   018
.................... 
....................        output_low ( LEDR );
00A6:  BSF    03.5
00A7:  BCF    06.0
00A8:  BCF    03.5
00A9:  BCF    06.0
....................        output_low ( LEDV );
00AA:  BSF    03.5
00AB:  BCF    06.1
00AC:  BCF    03.5
00AD:  BCF    06.1
....................        output_high ( LEDA );
00AE:  BSF    03.5
00AF:  BCF    06.2
00B0:  BCF    03.5
00B1:  BSF    06.2
.................... 
....................        Set_PWM ( );
00B2:  CALL   018
00B3:  BSF    03.5
00B4:  GOTO   08D
....................      }
.................... }
00B5:  SLEEP

Configuration Fuses:
   Word  1: 2FE2   HS NOWDT PUT MCLR NOPROTECT NOCPD BROWNOUT IESO FCMEN NOLVP NODEBUG
   Word  2: 3FFF   BORV40 NOWRT
